#-----------------------------------------------------------
# Vivado v2024.2 (64-bit)
# SW Build 5239630 on Fri Nov 08 22:34:34 MST 2024
# IP Build 5239520 on Sun Nov 10 16:12:51 MST 2024
# SharedData Build 5239561 on Fri Nov 08 14:39:27 MST 2024
# Start of session at: Wed Apr  1 14:24:13 2026
# Process ID         : 9636
# Current directory  : /home/user/host_home/work/acin/projects/universal_lqg/lqg-fp7-firmware/matlab/netlist_lqg_axitest/ip/fpga_lqg_axi/src
# Command line       : vivado -mode batch -source ProjectGeneration.tcl -notrace
# Log file           : /home/user/host_home/work/acin/projects/universal_lqg/lqg-fp7-firmware/matlab/netlist_lqg_axitest/ip/fpga_lqg_axi/src/vivado.log
# Journal file       : /home/user/host_home/work/acin/projects/universal_lqg/lqg-fp7-firmware/matlab/netlist_lqg_axitest/ip/fpga_lqg_axi/src/vivado.jou
# Running On         : model-composer
# Platform           : Ubuntu
# Operating System   : Ubuntu 22.04.5 LTS
# Processor Detail   : AMD Ryzen AI 9 HX PRO 370 w/ Radeon 890M
# CPU Frequency      : 5141.141 MHz
# CPU Physical cores : 12
# CPU Logical cores  : 24
# Host memory        : 92409 MB
# Swap memory        : 0 MB
# Total Virtual      : 92409 MB
# Available Virtual  : 75719 MB
#-----------------------------------------------------------
source ProjectGeneration.tcl -notrace
